CAN 11111 0001 00000 **** 20181004
EOS 00000 0 00000 **** 0

