CRE 00000 0 12345 NEWSERVICE 20181004
EOS 00000 0 00000 **** 0