DEL 11111 0 00000 hello 0
SEL 11112 1 00000 **** 0
EOS 00000 0 00000 **** 0
