CHG 11111 1000 22222 **** 0
EOS 00000 0 00000 **** 0
