CAN 11111 10 00000 **** 20181004
EOS 00000 0 00000 **** 0

