CAN 11111 8 00000 **** 20181004
CAN 11112 5 00000 **** 20181004
CAN 11113 7 00000 **** 20181004
EOS 0000 0 00000 **** 0
