CAN 11111 00000 00000 **** 0
CAN 11112 00001 00000 **** 0
CAN 11113 5 00000 **** 0
EOS 00000 0 00000 **** 0
