SEL 1111 0001 0000 R00001 20181004
EOS 00000 0 00000 **** 0
