CAN 11111 5 00000 **** 0
EOS 00000 0 00000 **** 0
