CRE 12345 0 00000 NEWSERVICE 20181004
EOS 00000 0 00000 **** 0
