CAN 11111 1000 00000 **** 0
EOS 00000 0 00000 **** 0
