CHG 1111 0001 2222 R00001 20181004
EOS 0000 0 0000 **** 0