SEL 11111 10001 00000 **** 0
EOS 00000 0 00000 **** 0
