CHG 11111 0001 22222 **** 0
EOS 00000 0 00000 **** 0
