CHG 11111 10 22222 **** 0
CHG 11111 10 22222 **** 0
EOS 00000 0 00000 **** 0
