CAN 11111 8 00000 **** 0
CAN 11112 5 00000 **** 0
CAN 11113 7 00000 **** 0
EOS 00000 0 00000 **** 0
